GlobalPublic.<clinit>().this.field1 = ${this.field1}
GlobalPublic.<clinit>().field1 = ${field1}
GlobalPublic.<clinit>().field2 = 20
GlobalPublic.<clinit>().field5 = ${field5}
GlobalPublic.<clinit>().field6 = ${field6}
GlobalPublic.<clinit>().field7 = ${field7}
GlobalPublic.<clinit>().field8 = 8
GlobalPublic.<clinit>().field9 = ${field9}
GlobalPublic.<clinit>().field10 = 10
GlobalPublic.<clinit>().<local>.field1 = ${field1}
GlobalPublic.<clinit>().<local>.this.field1 = ${this.field1}
GlobalPublic.<clinit>().<local>.field2 = 20
GlobalPublic.<clinit>().<local>.field3 = 30
GlobalPublic.<clinit>().<local>.field5 = ${field5}
GlobalPublic.<clinit>().<local>.field6 = ${field6}
GlobalPublic.<clinit>().<local>.field7 = ${field7}
GlobalPublic.<clinit>().<local>.field8 = 8
GlobalPublic.<clinit>().<local>.field9 = ${field9}
GlobalPublic.<clinit>().<local>.field10 = 10
GlobalPublic.main().field1 = ${field1} 
GlobalPublic.main().this.field1 = ${this.field1} 
GlobalPublic.main().field2 = 20 
GlobalPublic.main().field5 = ${field5} 
GlobalPublic.main().field6 = ${field6} 
GlobalPublic.main().field8 = 8
GlobalPublic.main().field9 = ${field9}
GlobalPublic.main().field10 = 10
GlobalPublic.main().<local>.field1 = ${field1} 
GlobalPublic.main().<local>.this.field1 = ${this.field1} 
GlobalPublic.main().<local>.field2 = 20 
GlobalPublic.main().<local>.field3 = 30 
GlobalPublic.main().<local>.field5 = ${field5} 
GlobalPublic.main().<local>.field6 = ${field6} 
GlobalPublic.main().<local>.field8 = 8
GlobalPublic.main().<local>.field9 = ${field9}
GlobalPublic.main().<local>.field10 = 10
GlobalPublic.<init>().this.field1 = 1 
GlobalPublic.<init>().field1 = 1 
GlobalPublic.<init>().field2 = 20 
GlobalPublic.<init>().field5 = 5 
GlobalPublic.<init>().field6 = ${field6} 
GlobalPublic.<init>().field7 = 70 
GlobalPublic.<init>().field8 = 8
GlobalPublic.<init>().field9 = 9
GlobalPublic.<init>().field10 = 10
GlobalPublic.<init>().<local>.field1 = 1 
GlobalPublic.<init>().<local>.this.field1 = 1 
GlobalPublic.<init>().<local>.field2 = 20 
GlobalPublic.<init>().<local>.field3 = 30 
GlobalPublic.<init>().<local>.field5 = 5 
GlobalPublic.<init>().<local>.field6 = ${field6} 
GlobalPublic.<init>().<local>.field7 = 70 
GlobalPublic.<init>().<local>.field8 = 8
GlobalPublic.<init>().<local>.field9 = 9
GlobalPublic.<init>().<local>.field10 = 10
GlobalPublic.InnerClass.<init>().field1 = 1 
GlobalPublic.InnerClass.<init>().this.field1 = ${this.field1} 
GlobalPublic.InnerClass.<init>().field2 = 20 
GlobalPublic.InnerClass.<init>().field5 = 5 
GlobalPublic.InnerClass.<init>().field6 = ${field6} 
GlobalPublic.InnerClass.<init>().field7 = 70 
GlobalPublic.InnerClass.<init>().field8 = 8 
GlobalPublic.InnerClass.<init>().field9 = 9 
GlobalPublic.InnerClass.<init>().field10 = 10 
GlobalPublic.InnerClass.<init>().<local>.field1 = 1 
GlobalPublic.InnerClass.<init>().<local>.this.field1 = ${this.field1} 
GlobalPublic.InnerClass.<init>().<local>.field2 = 20 
GlobalPublic.InnerClass.<init>().<local>.field3 = 30 
GlobalPublic.InnerClass.<init>().<local>.field5 = 5 
GlobalPublic.InnerClass.<init>().<local>.field6 = ${field6} 
GlobalPublic.InnerClass.<init>().<local>.field8 = 8 
GlobalPublic.InnerClass.<init>().<local>.field9 = 9 
GlobalPublic.InnerClass.<init>().<local>.field10 = 10 
GlobalPublic.InnerClass.nonStatic().field1 = 1 
GlobalPublic.InnerClass.nonStatic().this.field1 = ${this.field1} 
GlobalPublic.InnerClass.nonStatic().field2 = 20 
GlobalPublic.InnerClass.nonStatic().field4 = 40 
GlobalPublic.InnerClass.nonStatic().this.field4 = ${this.field4} 
GlobalPublic.InnerClass.nonStatic().field5 = 5 
GlobalPublic.InnerClass.nonStatic().field6 = ${field6} 
GlobalPublic.InnerClass.nonStatic().field8 = 8 
GlobalPublic.InnerClass.nonStatic().field9 = 9 
GlobalPublic.InnerClass.nonStatic().field10 = 10 
GlobalPublic.InnerClass.nonStatic().<local>.field1 = 1 
GlobalPublic.InnerClass.nonStatic().<local>.this.field1 = ${this.field1} 
GlobalPublic.InnerClass.nonStatic().<local>.field2 = 20 
GlobalPublic.InnerClass.nonStatic().<local>.field3 = 30 
GlobalPublic.InnerClass.nonStatic().<local>.field4 = 40 
GlobalPublic.InnerClass.nonStatic().<local>.this.field4 = ${this.field4} 
GlobalPublic.InnerClass.nonStatic().<local>.field5 = 5 
GlobalPublic.InnerClass.nonStatic().<local>.field6 = ${field6} 
GlobalPublic.InnerClass.nonStatic().<local>.field8 = 8 
GlobalPublic.InnerClass.nonStatic().<local>.field9 = 9 
GlobalPublic.InnerClass.nonStatic().<local>.field10 = 10 
GlobalPublic.nonStatic().field1 = 1 
GlobalPublic.nonStatic().this.field1 = 1 
GlobalPublic.nonStatic().field2 = 20 
GlobalPublic.nonStatic().field4 = 40 
GlobalPublic.nonStatic().this.field4 = 4 
GlobalPublic.nonStatic().field5 = 5 
GlobalPublic.nonStatic().field6 = ${field6} 
GlobalPublic.nonStatic().field7 = 70 
GlobalPublic.nonStatic().field8 = 8 
GlobalPublic.nonStatic().field9 = 9 
GlobalPublic.nonStatic().field10 = 10 
GlobalPublic.nonStatic().<local>.field1 = 1 
GlobalPublic.nonStatic().<local>.this.field1 = 1 
GlobalPublic.nonStatic().<local>.field2 = 20 
GlobalPublic.nonStatic().<local>.field3 = 30 
GlobalPublic.nonStatic().<local>.field4 = 40 
GlobalPublic.nonStatic().<local>.this.field4 = 4 
GlobalPublic.nonStatic().<local>.field5 = 5 
GlobalPublic.nonStatic().<local>.field6 = ${field6} 
GlobalPublic.nonStatic().<local>.field7 = 70 
GlobalPublic.nonStatic().<local>.field8 = 8 
GlobalPublic.nonStatic().<local>.field9 = 9 
GlobalPublic.nonStatic().<local>.field10 = 10 
GlobalPublic.static().field1 = ${field1} 
GlobalPublic.static().this.field1 = ${this.field1} 
GlobalPublic.static().field2 = 20 
GlobalPublic.static().field4 = 40 
GlobalPublic.static().this.field4 = ${this.field4} 
GlobalPublic.static().field5 = ${field5} 
GlobalPublic.static().field6 = ${field6} 
GlobalPublic.static().field8 = 8 
GlobalPublic.static().field9 = ${field9} 
GlobalPublic.static().field10 = 10 
GlobalPublic.static().<local>.field1 = ${field1} 
GlobalPublic.static().<local>.this.field1 = ${this.field1} 
GlobalPublic.static().<local>.field2 = 20 
GlobalPublic.static().<local>.field3 = 30 
GlobalPublic.static().<local>.field4 = 40 
GlobalPublic.static().<local>.this.field4 = ${this.field4} 
GlobalPublic.static().<local>.field5 = ${field5} 
GlobalPublic.static().<local>.field6 = ${field6} 
GlobalPublic.static().<local>.field8 = 8 
GlobalPublic.static().<local>.field9 = ${field9} 
GlobalPublic.static().<local>.field10 = 10 
GlobalPublic.EmbeddedClass.<init>().field1 = ${field1}
GlobalPublic.EmbeddedClass.<init>().this.field1 = ${this.field1}
GlobalPublic.EmbeddedClass.<init>().field2 = 20
GlobalPublic.EmbeddedClass.<init>().field5 = ${field5}
GlobalPublic.EmbeddedClass.<init>().field6 = ${field6}
GlobalPublic.EmbeddedClass.<init>().field7 = ${field7}
GlobalPublic.EmbeddedClass.<init>().field8 = 8
GlobalPublic.EmbeddedClass.<init>().field9 = ${field9}
GlobalPublic.EmbeddedClass.<init>().field10 = 10
GlobalPublic.EmbeddedClass.<init>().<local>.field1 = ${field1} 
GlobalPublic.EmbeddedClass.<init>().<local>.this.field1 = ${this.field1} 
GlobalPublic.EmbeddedClass.<init>().<local>.field2 = 20 
GlobalPublic.EmbeddedClass.<init>().<local>.field3 = 30 
GlobalPublic.EmbeddedClass.<init>().<local>.field5 = ${field5} 
GlobalPublic.EmbeddedClass.<init>().<local>.field6 = ${field6} 
GlobalPublic.EmbeddedClass.<init>().<local>.field8 = 8
GlobalPublic.EmbeddedClass.<init>().<local>.field9 = ${field9}
GlobalPublic.EmbeddedClass.<init>().<local>.field10 = 10
GlobalPublic.EmbeddedClass.nonStatic().field1 = ${field1} 
GlobalPublic.EmbeddedClass.nonStatic().this.field1 = ${this.field1} 
GlobalPublic.EmbeddedClass.nonStatic().field2 = 20 
GlobalPublic.EmbeddedClass.nonStatic().field4 = 40 
GlobalPublic.EmbeddedClass.nonStatic().this.field4 = ${this.field4} 
GlobalPublic.EmbeddedClass.nonStatic().field5 = ${field5} 
GlobalPublic.EmbeddedClass.nonStatic().field6 = ${field6} 
GlobalPublic.EmbeddedClass.nonStatic().field8 = 8 
GlobalPublic.EmbeddedClass.nonStatic().field9 = ${field9} 
GlobalPublic.EmbeddedClass.nonStatic().field10 = 10 
GlobalPublic.EmbeddedClass.nonStatic().<local>.field1 = ${field1} 
GlobalPublic.EmbeddedClass.nonStatic().<local>.this.field1 = ${this.field1} 
GlobalPublic.EmbeddedClass.nonStatic().<local>.field2 = 20 
GlobalPublic.EmbeddedClass.nonStatic().<local>.field3 = 30 
GlobalPublic.EmbeddedClass.nonStatic().<local>.field4 = 40 
GlobalPublic.EmbeddedClass.nonStatic().<local>.this.field4 = ${this.field4} 
GlobalPublic.EmbeddedClass.nonStatic().<local>.field5 = ${field5} 
GlobalPublic.EmbeddedClass.nonStatic().<local>.field6 = ${field6} 
GlobalPublic.EmbeddedClass.nonStatic().<local>.field8 = 8 
GlobalPublic.EmbeddedClass.nonStatic().<local>.field9 = ${field9} 
GlobalPublic.EmbeddedClass.nonStatic().<local>.field10 = 10 
GlobalPublic.InnerStaticClass.<clinit>().field1 = ${field1} 
GlobalPublic.InnerStaticClass.<clinit>().this.field1 = ${this.field1} 
GlobalPublic.InnerStaticClass.<clinit>().field2 = 20 
GlobalPublic.InnerStaticClass.<clinit>().field5 = ${field5} 
GlobalPublic.InnerStaticClass.<clinit>().field6 = ${field6} 
GlobalPublic.InnerStaticClass.<clinit>().field7 = ${field7} 
GlobalPublic.InnerStaticClass.<clinit>().field8 = 8 
GlobalPublic.InnerStaticClass.<clinit>().field9 = ${field9} 
GlobalPublic.InnerStaticClass.<clinit>().field10 = 10 
GlobalPublic.InnerStaticClass.<clinit>().<local>.field1 = ${field1} 
GlobalPublic.InnerStaticClass.<clinit>().<local>.this.field1 = ${this.field1} 
GlobalPublic.InnerStaticClass.<clinit>().<local>.field2 = 20 
GlobalPublic.InnerStaticClass.<clinit>().<local>.field3 = 30 
GlobalPublic.InnerStaticClass.<clinit>().<local>.field5 = ${field5} 
GlobalPublic.InnerStaticClass.<clinit>().<local>.field6 = ${field6} 
GlobalPublic.InnerStaticClass.<clinit>().<local>.field8 = 8 
GlobalPublic.InnerStaticClass.<clinit>().<local>.field9 = ${field9} 
GlobalPublic.InnerStaticClass.<clinit>().<local>.field10 = 10 
GlobalPublic.InnerStaticClass.static().field1 = ${field1} 
GlobalPublic.InnerStaticClass.static().this.field1 = ${this.field1} 
GlobalPublic.InnerStaticClass.static().field2 = 20 
GlobalPublic.InnerStaticClass.static().field4 = 40 
GlobalPublic.InnerStaticClass.static().this.field4 = ${this.field4} 
GlobalPublic.InnerStaticClass.static().field5 = ${field5} 
GlobalPublic.InnerStaticClass.static().field6 = ${field6} 
GlobalPublic.InnerStaticClass.static().field8 = 8 
GlobalPublic.InnerStaticClass.static().field9 = ${field9} 
GlobalPublic.InnerStaticClass.static().field10 = 10 
GlobalPublic.InnerStaticClass.static().<local>.field1 = ${field1} 
GlobalPublic.InnerStaticClass.static().<local>.this.field1 = ${this.field1} 
GlobalPublic.InnerStaticClass.static().<local>.field2 = 20 
GlobalPublic.InnerStaticClass.static().<local>.field3 = 30 
GlobalPublic.InnerStaticClass.static().<local>.field4 = 40 
GlobalPublic.InnerStaticClass.static().<local>.this.field4 = ${this.field4} 
GlobalPublic.InnerStaticClass.static().<local>.field5 = ${field5} 
GlobalPublic.InnerStaticClass.static().<local>.field6 = ${field6} 
GlobalPublic.InnerStaticClass.static().<local>.field8 = 8 
GlobalPublic.InnerStaticClass.static().<local>.field9 = ${field9} 
GlobalPublic.InnerStaticClass.static().<local>.field10 = 10 
GlobalPublic.InnerStaticClass.<init>().field1 = ${field1} 
GlobalPublic.InnerStaticClass.<init>().this.field1 = ${this.field1} 
GlobalPublic.InnerStaticClass.<init>().field2 = 20 
GlobalPublic.InnerStaticClass.<init>().field5 = ${field5} 
GlobalPublic.InnerStaticClass.<init>().field6 = ${field6} 
GlobalPublic.InnerStaticClass.<init>().field7 = ${field7} 
GlobalPublic.InnerStaticClass.<init>().field8 = 8 
GlobalPublic.InnerStaticClass.<init>().field9 = ${field9} 
GlobalPublic.InnerStaticClass.<init>().field10 = 10 
GlobalPublic.InnerStaticClass.<init>().<local>.field1 = ${field1} 
GlobalPublic.InnerStaticClass.<init>().<local>.this.field1 = ${this.field1} 
GlobalPublic.InnerStaticClass.<init>().<local>.field2 = 20 
GlobalPublic.InnerStaticClass.<init>().<local>.field3 = 30 
GlobalPublic.InnerStaticClass.<init>().<local>.field5 = ${field5} 
GlobalPublic.InnerStaticClass.<init>().<local>.field6 = ${field6} 
GlobalPublic.InnerStaticClass.<init>().<local>.field8 = 8 
GlobalPublic.InnerStaticClass.<init>().<local>.field9 = ${field9} 
GlobalPublic.InnerStaticClass.<init>().<local>.field10 = 10 
GlobalPublic.InnerStaticClass.nonStatic().field1 = ${field1} 
GlobalPublic.InnerStaticClass.nonStatic().this.field1 = ${this.field1} 
GlobalPublic.InnerStaticClass.nonStatic().field2 = 20 
GlobalPublic.InnerStaticClass.nonStatic().field4 = 40 
GlobalPublic.InnerStaticClass.nonStatic().this.field4 = ${this.field4} 
GlobalPublic.InnerStaticClass.nonStatic().field5 = ${field5} 
GlobalPublic.InnerStaticClass.nonStatic().field6 = ${field6} 
GlobalPublic.InnerStaticClass.nonStatic().field8 = 8 
GlobalPublic.InnerStaticClass.nonStatic().field9 = ${field9} 
GlobalPublic.InnerStaticClass.nonStatic().field10 = 10 
GlobalPublic.InnerStaticClass.nonStatic().<local>.field1 = ${field1} 
GlobalPublic.InnerStaticClass.nonStatic().<local>.this.field1 = ${this.field1} 
GlobalPublic.InnerStaticClass.nonStatic().<local>.field2 = 20 
GlobalPublic.InnerStaticClass.nonStatic().<local>.field3 = 30 
GlobalPublic.InnerStaticClass.nonStatic().<local>.field4 = 40 
GlobalPublic.InnerStaticClass.nonStatic().<local>.this.field4 = ${this.field4} 
GlobalPublic.InnerStaticClass.nonStatic().<local>.field5 = ${field5} 
GlobalPublic.InnerStaticClass.nonStatic().<local>.field6 = ${field6} 
GlobalPublic.InnerStaticClass.nonStatic().<local>.field8 = 8 
GlobalPublic.InnerStaticClass.nonStatic().<local>.field9 = ${field9} 
GlobalPublic.InnerStaticClass.nonStatic().<local>.field10 = 10 
GlobalPublic.TestInterface1.<init>().field1 = ${field1} 
GlobalPublic.TestInterface1.<init>().this.field1 = ${this.field1} 
GlobalPublic.TestInterface1.<init>().field2 = 20 
GlobalPublic.TestInterface1.<init>().field5 = ${field5} 
GlobalPublic.TestInterface1.<init>().field6 = ${field6} 
GlobalPublic.TestInterface1.<init>().field7 = ${field7} 
GlobalPublic.TestInterface1.<init>().field8 = 8 
GlobalPublic.TestInterface1.<init>().field9 = ${field9} 
GlobalPublic.TestInterface1.<init>().field10 = 10 
GlobalPublic.TestInterface1.<init>().<local>.field1 = ${field1} 
GlobalPublic.TestInterface1.<init>().<local>.this.field1 = ${this.field1} 
GlobalPublic.TestInterface1.<init>().<local>.field2 = 20 
GlobalPublic.TestInterface1.<init>().<local>.field3 = 30 
GlobalPublic.TestInterface1.<init>().<local>.field5 = ${field5} 
GlobalPublic.TestInterface1.<init>().<local>.field6 = ${field6} 
GlobalPublic.TestInterface1.<init>().<local>.field8 = 8 
GlobalPublic.TestInterface1.<init>().<local>.field9 = ${field9} 
GlobalPublic.TestInterface1.<init>().<local>.field10 = 10 
GlobalPublic.TestInterface1.nonStatic().field1 = ${field1} 
GlobalPublic.TestInterface1.nonStatic().this.field1 = ${this.field1} 
GlobalPublic.TestInterface1.nonStatic().field2 = 20 
GlobalPublic.TestInterface1.nonStatic().field4 = 40 
GlobalPublic.TestInterface1.nonStatic().this.field4 = ${this.field4} 
GlobalPublic.TestInterface1.nonStatic().field5 = ${field5} 
GlobalPublic.TestInterface1.nonStatic().field6 = ${field6} 
GlobalPublic.TestInterface1.nonStatic().field8 = 8 
GlobalPublic.TestInterface1.nonStatic().field9 = ${field9} 
GlobalPublic.TestInterface1.nonStatic().field10 = 10 
GlobalPublic.TestInterface1.nonStatic().<local>.field1 = ${field1} 
GlobalPublic.TestInterface1.nonStatic().<local>.this.field1 = ${this.field1} 
GlobalPublic.TestInterface1.nonStatic().<local>.field2 = 20 
GlobalPublic.TestInterface1.nonStatic().<local>.field3 = 30 
GlobalPublic.TestInterface1.nonStatic().<local>.field4 = 40 
GlobalPublic.TestInterface1.nonStatic().<local>.this.field4 = ${this.field4} 
GlobalPublic.TestInterface1.nonStatic().<local>.field5 = ${field5} 
GlobalPublic.TestInterface1.nonStatic().<local>.field6 = ${field6} 
GlobalPublic.TestInterface1.nonStatic().<local>.field8 = 8 
GlobalPublic.TestInterface1.nonStatic().<local>.field9 = ${field9} 
GlobalPublic.TestInterface1.nonStatic().<local>.field10 = 10 
ClassWithoutStaticBlock.<init> = ok
DeepEnclosingClasses.Class1.Class2.Class3.<init> = ok
DeepEnclosingClasses.Class1.Class2.Class3.<init>.field = testField
DeepEnclosingClasses.NestedClass1.NestedClass2.NestedClass3.<init> = ok
DeepEnclosingClasses.NestedClass1.NestedClass2.NestedClass3.<init>.field = testField
TypeCheck.main.varStr = string variable
TypeCheck.main.varInt = 1
TypeCheck.main.varShort = 1
TypeCheck.main.varByte = 1
TypeCheck.main.varChar = a
TypeCheck.main.varLong = 1
TypeCheck.main.varDouble = 1.0
TypeCheck.main.varFloat = 1.0
TypeCheck.main.person = 1
DotCall.<init>.packageWideObj = 1
DotCall.<init>.packageWideObj.protected = ${packageWideObj.protectedField}
DotCall.<init>.field1 = 1
DotCall.<init>.this.field1 = 1
DotCall.<init>.field1.privateField = ${object.field1.privateField}
DotCall.<init>.field1.protectedField = ${object.field1.protectedField}
DotCall.<init>.field1.publicField = 1
DotCall.<init>.field2 = ${object.field2}
DotCall.<init>.fieldNotExist = ${object.fieldNotExist}
DotCall.<init>.objectLocal.field1 = 1
DotCall.<clinit>.field1 = 1
DotCall.<clinit>.field2 = ${object.field2}
DotCall.<clinit>.field1.privateField = ${object.field1.privateField}
DotCall.<clinit>.field1.protectedField = ${object.field1.protectedField}
DotCall.<clinit>.field1.publicField = 1
DotCall.<clinit>.field2 = ${object.field2}
DotCall.<clinit>.fieldNotExist = ${object.fieldNotExist}
DotCall.<clinit>.objectLocal.field1 = 1
DotCall.<init>.packageWideObj = 1
DotCall.<init>.packageWideObj.protected = ${packageWideObj.protectedField}
DotCall.<init>.field1 = 1
DotCall.<init>.this.field1 = 1
DotCall.<init>.field1.privateField = ${object.field1.privateField}
DotCall.<init>.field1.protectedField = ${object.field1.protectedField}
DotCall.<init>.field1.publicField = 1
DotCall.<init>.field2 = ${object.field2}
DotCall.<init>.fieldNotExist = ${object.fieldNotExist}
DotCall.<init>.objectLocal.field1 = 1
DotCall.<constructor>.referenceMe.public = 2
DotCall.<constructor>.referenceMe.protected = 3
DotCall.<constructor>.referenceMe.private = 4
DotCall.<constructor>.parentClass.public = 1
DotCall.<constructor>.parentClass.protected = 2
DotCall.<constructor>.parentClass.private = ${referenceMe.field3}
DotCall.<constructor>.subClass.private = 1
DotCall.<constructor>.nestedClass.private = 12
DotCall.NestedClass.<init>.subClassCalledInSuper.public = 14
DotCall.NestedClass.<init>.subClassCalledInSuper.protected = 13
DotCall.NestedClass.<init>.subClassCalledInSuper.private = ${subClassCalledInSuper.privateField}
DotCall.<constructor>.embeddedClass.private = 42
DotCall.<constructor>.typeTest.intField = ${typeTest.intField.value}
DotCall.<constructor>.typeTest.shortField = ${typeTest.shortField.value}
DotCall.<constructor>.typeTest.byteField = ${typeTest.byteField.value}
DotCall.<constructor>.typeTest.charField = ${typeTest.charField.value}
DotCall.<constructor>.typeTest.longField = ${typeTest.longField.value}
DotCall.<constructor>.typeTest.doubleField = ${typeTest.doubleField.value}
DotCall.<constructor>.typeTest.floatField = ${typeTest.floatField.value}
DotCall.<constructor>.extendsClass.public = 1
DotCall.<constructor>.extendsClass.protected = ${extendsClass.field2}
DotCall.<constructor>.extendsClass.private = ${extendsClass.field3}
DotCall.<constructor>.extendsClass2.public = 14
DotCall.<constructor>.extendsClass2.protected = 13
DotCall.<constructor>.extendsClass2.private = ${extendsClass2.privateField}
DotCall.<constructor>.extendsClass3.public = 1
DotCall.<constructor>.extendsClass3.protected = ${extendsClass3.protectedField}
DotCall.<constructor>.extendsClass3.private = ${extendsClass3.privateField}
DotCall.NestedClass2.<init>.subClassCalledInSuper.public = 14
DotCall.NestedClass2.<init>.subClassCalledInSuper.protected = 13
DotCall.NestedClass2.<init>.subClassCalledInSuper.private = 12
DotCall2SuperClass.<init>.subClass.public = 14
DotCall2SuperClass.<init>.subClass.protected = 13
DotCall2SuperClass.<init>.subClass.private = ${subClass.privateField}
LoggerExists.main = ok.
ThisStory.<clinit>.thisAsFieldName = ${this}
ThisStory.<init>.thisAsFieldName = ${this}
refCall.LocalClassTest.main().public = 1
refCall.LocalClassTest.main().protected = 2
refCall.LocalClassTest.main().private = 3
refCall.LocalClassTest.main().LocalExtendsNestedClass.public = 1
refCall.LocalClassTest.main().LocalExtendsNestedClass.protected = 2
refCall.LocalClassTest.main().LocalExtendsNestedClass.private = ${localExtNested.privateField}
refCall.LocalClassTest.main().subClassIsHidden.public = 1
refCall.LocalClassTest.main().subClassIsHidden.protected = ${subClass.field2}
refCall.LocalClassTest.main().subClassIsHidden.private = ${subClass.field3}
npe.SimpleNullPointerTest.firstElementIsNull = ${NULL.type}
npe.SimpleNullPointerTest.secondElementIsNull = ${NULL.type}
npe.SimpleNullPointerTest.noElementAfterNull = null
npe.SimpleNullPointerTest.firstElementOfLongRefIsNull = ${NULL.person.type}
MethodWithoutLocalVariable.noLocalVarInStaticMethod = 1
MethodWithoutLocalVariable.noLocalVarInNonStaticMethod = 2
ClassNameFunctionScene.<clinit>() = com.j2biz.pencil.test.scenario.classFunctions.ClassNameFunctionScene
ClassNameFunctionScene.<clinit>().full = com.j2biz.pencil.test.scenario.classFunctions.ClassNameFunctionScene
ClassNameFunctionScene.<clinit>().local = com.j2biz.pencil.test.scenario.classFunctions.ClassNameFunctionScene
ClassNameFunctionScene.<clinit>().full.local = com.j2biz.pencil.test.scenario.classFunctions.ClassNameFunctionScene
ClassNameFunctionScene.main() = com.j2biz.pencil.test.scenario.classFunctions.ClassNameFunctionScene
ClassNameFunctionScene.main().full = com.j2biz.pencil.test.scenario.classFunctions.ClassNameFunctionScene
ClassNameFunctionScene.<init>() = com.j2biz.pencil.test.scenario.classFunctions.ClassNameFunctionScene
ClassNameFunctionScene.<init>().full = com.j2biz.pencil.test.scenario.classFunctions.ClassNameFunctionScene
ClassNameFunctionScene.<init>().local = com.j2biz.pencil.test.scenario.classFunctions.ClassNameFunctionScene
ClassNameFunctionScene.<init>().full.local = com.j2biz.pencil.test.scenario.classFunctions.ClassNameFunctionScene
ClassNameFunctionScene.nonStaticMethod() = com.j2biz.pencil.test.scenario.classFunctions.ClassNameFunctionScene
ClassNameFunctionScene.nonStaticMethod().full = com.j2biz.pencil.test.scenario.classFunctions.ClassNameFunctionScene
ClassNameFunctionScene.nonStaticMethod().local = com.j2biz.pencil.test.scenario.classFunctions.ClassNameFunctionScene
ClassNameFunctionScene.nonStaticMethod().full.local = com.j2biz.pencil.test.scenario.classFunctions.ClassNameFunctionScene
ClassNameFunctionScene.EmbeddedClass.<init>() = com.j2biz.pencil.test.scenario.classFunctions.ClassNameFunctionScene$1EmbeddedClass
ClassNameFunctionScene.EmbeddedClass.<init>().full = com.j2biz.pencil.test.scenario.classFunctions.ClassNameFunctionScene$1EmbeddedClass
ClassNameFunctionScene.EmbeddedClass.<init>().local = com.j2biz.pencil.test.scenario.classFunctions.ClassNameFunctionScene$1EmbeddedClass
ClassNameFunctionScene.EmbeddedClass.<init>().full.local = com.j2biz.pencil.test.scenario.classFunctions.ClassNameFunctionScene$1EmbeddedClass
ClassNameFunctionScene.<clinit>() = 8
ClassNameFunctionScene.<clinit>().local = 10
ClassNameFunctionScene.main() = 23
ClassNameFunctionScene.<init>() = 15
ClassNameFunctionScene.<init>().local = 18
ClassNameFunctionScene.EmbeddedClass.<init>() = 29
ClassNameFunctionScene.EmbeddedClass.<init>().local = 32
